[    00000] nu vsin 4..051enric (ildd@lg01-am4-59) cc veron7.3.(Uuntu.30-16buu3))55Ubun SMP WeMa 15 :2:21 UT209 (Unt 45.-51.-gnec .15.)
[  .0000]Coan line:OOT_IME=/bo/vmliz-.15.51-gerc ro=LBEL=ouimg-oofs ro consoe=y1 csoe=tt0
[  .0000]KERNL uppoedcpus
[   00000]  ntel GenuineIntel
[    0.000000]   AMD AuthenticAMD
[    0.000000]   Centaur CentaurHauls
[    0.000000] x86/fpu: Supporting XSAVE feature 0x001: 'x87 floating point registers'
[    0.000000] x86/fpu: Supporting XSAVE feature 0x002: 'SSE registers'
[    0.000000] x86/fpu: Supporting XSAVE feature 0x004: 'AVX registers'
[    0.000000] x86/fpu: xstate_offset[2]:  576, xstate_sizes[2]:  256
[    0.000000] x86/fpu: Enabled xstate features 0x7, context size is 832 bytes, using 'standard' format.
[    0.000000] e820:BIOS-provided pysal R mp:
[  00000] IOS-e0:[memx0000000000000x00000000009ff ubl
[    .00000BIS-20 [me0x00000009fc0-x000000009fff]reseed
[   .00000BIS-e0: [mem 0x000000f0000x000000ffff rserved
[  0.000000] BIOS-e820: [mem 0x0000000000100000-0x000000007ffeffff] usable
[    0.0000 BIOe80:me 0x00000ff000-00000007fffff]CPI da
    00000]IO-e82 [memx000000ec00-0000000ecff] rervd
[  .0000] BI-e20: em0x00000fee00000x00000fee00ff reserd
[  .0000]BIOS820: em0x000000fc000-000000fffff] esve
  0.0000 NX (ExecuteDiableprtecti: ctiv
[  0.00000SMIOS 5 present.[   .00000DM: inte GmbVitualB/Vrtuaox BIOVirtlBx 121/00
[   000000] Hyrvisor detected: KVM
[    0.000000] e820: last_pfn = 0x7fff0 max_arch_pfn = 0x400000000
[    0.000000] MTRR: Disabled
[    0.000000] x86/PAT: MTRRs disabled, skipping PAT initialization too.
[    0.000000] CPU MTRRs all blank - virtualized system.
[    0.000000] x86/PAT: Configuration [0-7]: WB  WT  UC- UC  WB  WT  UC- UC  
[    0.000000] found SMP MP-table at [mem 0x0009fff0-0x0009ffff] mapped at [        (ptrval)]
[    0.000000] Scanning 1 areas for low memory corruption
[    0.000000] RAMDISK: [mem 0x3597f000-0x36cb6fff]
[    0.000000] ACPI: Early table checksum verification disabled
[    0.000000] ACPI: RSDP 0x00000000000E0000 000024 (v02 VBOX  )
[    0.000000] ACPI: XSDT 0x000000007FFF0030 00003C (v01 VBOX   VBOXXSDT 00000001 ASL  00000061)
[    0.00000] PI FP 0x000007FF0F0 004 (v VOX VOXFA 00001ASL 000061
[  0.00000]CPI: DSDT 0x000007FFF0700021FF (02BOX VBXBIO000000INTL 20100528)
[    0.000000] ACPI: FACS 0x000000007FFF0200 000040
[    0.000000] ACPI: FACS 0x000000007FFF0200 000040
[    0.000000] ACPI: APIC 0x000000007FFF0240 00005C (v02 VBOX   VBOXAPIC 00000001 ASL  00000061)
[    0.000000] ACPI: SSDT 0x000000007FFF02A0 0001CC (v01 VBOX   VBOXCPUT 00000002 INTL 20100528)
[    0.000000] No NUMA configuration found
[    0.000000] Faking a node at [mem 0x0000000000000000-0x000000007ffeffff]
[    0.000000] NODE_DATA(0) allocated [mem 0x7ffc5000-0x7ffeffff]
[    0.000000] kvm-clock: cpu 0, msr 0:7ff44001, primary cpu clock
[    0.000000] kvm-clock: Using msrs 4b564d01 and 4b564d00
[    0.000000] kvm-clock: using sched offset of 3459711074 cycles
[    0.000000] clocksource: kvm-clock: mask: 0xffffffffffffffff max_cycles: 0x1cd42e4dffb, max_idle_ns: 881590591483 ns
[    0.000000] Zone ranges:
[    0.000000]   DMA      [mem 0x0000000000001000-0x0000000000ffffff]
[    0.000000]   DMA32    [mem 0x0000000001000000-0x000000007ffeffff]
[    0.000000]   Normal   empty
[    0.000000]   Device   empty
[    0.000000] Movable zone start for each node
[    0.000000] Early memory node ranges
[    0.000000]   node   0: [mem 0x0000000000001000-0x000000000009efff]
[    0.000000]   node   0: [mem 0x0000000000100000-0x000000007ffeffff]
[    0.000000] Reserved but unavailable: 114 pages
[    0.000000] Initmem setup node 0 [mem 0x0000000000001000-0x000000007ffeffff]
[    0.000000] ACPI: PM-Timer IO Port: 0x4008
[    0.000000] IOAPIC[0]: apic_id 2, version 32, address 0xfec00000, GSI 0-23
[    0.000000] ACPI: INT_SRC_OVR (bus 0 bus_irq 0 global_irq 2 dfl dfl)
[    0.000000] ACPI: INT_SRC_OVR (bus 0 bus_irq 9 global_irq 9 low level)
[    0.000000] Using ACPI (MADT) for SMP configuration information
[    0.000000] smpboot: Allowing 2 CPUs, 0 hotplug CPUs
[    0.000000] PM:  Registered nosave memory: [mem 0x00000000-0x00000fff]
[    0.000000] PM: Registered nosave memory: [mem 0x0009f000-0x0009ffff]
[    0.000000] PM: Registered nosave memory: [mem 0x000a0000-0x000effff]
[    0.000000] PM: Registered nosave memory: [mem 0x000f0000-0x000fffff]
[    0.000000] e820: [mem 0x80000000-0xfebfffff] available for PCI devices
[    0.000000] Booting paravirtualized kernel on KVM
[    0.000000] clocksource: refined-jiffies: mask: 0xffffffff max_cycles: 0xffffffff, max_idle_ns: 7645519600211568 ns
[    0.000000] random: get_random_bytes called from start_kernel+0x99/0x4fd with crng_init=0
[    0.000000] setup_percpu: NR_CPUS:8192 nr_cpumask_bits:2 nr_cpu_ids:2 nr_node_ids:1
[    0.000000] percpu: Embedded 46 pages/cpu @        (ptrval) s151552 r8192d272 u4876
[   0.00000]V spinlo hash tab etrie 26 (oer:  496 bes)    00000]Bult 1 znelis,mobily roupin o.  Talpage 55961
[    0.0000] Plicy ze:DMA3
[   00000] rnl coan lin: OOT_IGE/bt/mlin-415.01-geric otLABEcludg-ootfro cool=tty1cosole=ty0
[    00000]emry205096209696avaiab (123K ernelod, 73 rwda,4272K roat, 24K nit, 16K bss, 816K eserd, 0K maesered
[  0.00000] SLUB: HWign=, rder=0-3,MiObjes=, CP=2 Nod=1
[   .000000]erel/Ur age bls oltion:enbled[   .00000] fra: alcati 3215 tres in 154paes
[  0004000 Herarhil RCimlemeation.
[    0.004000] 	RCU restricting CPUs from NR_CPUS=8192 to nr_cpu_ids=2.
[    0.004000] 	Tasks RCU enabled.
[    0.004000] RCU: Adjusting geometry for rcu_fanout_leaf=16, nr_cpu_ids=2
[    0.004000] NR_IRQS: 524544, nr_irqs: 440, preallocated irqs: 16
[    0.004000] Console: colour VGA+ 80x25
[    0.004000] console [tty1] enabled
[    0.004000] console ttS0]naled
[  00040] CP Cre rison010831
[  0.0040]ACPI2 CPI AML tables successfully acquired and loaded
[    0.004000] APIC: Switch to symmetric I/O mode setup
[    0.004000] x2apic enabled
[    0.004000] Switched APIC routing to physical x2apic.
[    0.004000] ..TIMER: vector=0x30 apic1=0 pin1=2 apic2=-1 pin2=-1
[    0.004000] tsc: Detected 2208.002 MHz processor
[    0.004005] Calibrating delay loop (skipped) preset value.. 4416.00 BogoMIPS (lpj=8832008)
[    0.005008] pid_max: default: 32768 minimum: 301
[    0.005605] Security Framework itialized
[    0.008003] Yama: becoming mindful.
[    0.012027] AppArmor: AppArmor initialized
[    0.020088] Dentry cache hash table entries: 262144 (order: 9, 2097152 bytes)
[    0.027489] Inode-cache hash table entries: 131072 (order: 8, 1048576 bytes)
[    0.028021] Mount-cache hash table entries: 4096 (order: 3, 32768 bytes)
[    0.032010] Mountpoint-cache hash table entries: 4096 (order: 3, 32768 bytes)
[    0.036177] mce: CPU supports 0 MCE banks
[    0.040018] Last level iTLB entries: 4KB 64, 2MB 8, 4MB 8
[    0.044004] Last level dTLB entries: 4KB 64, 2MB 0, 4MB 0, 1GB 4
[    0.048004] Spectre V2 : Mitigation: Full generic retpoline
[    0.052003] Spectre V2 : Spectre v2 / SpectreRSB mitigation: Filling RSB on context switch
[    0.056004] Speculative Store Bypass: Vulnerable
[    0.060026] MDS: Vulnerable: Clear CPU buffers attempted, no microcode
[    0.064069] Freeing SMP alternatives memory: 36K
[    0.072000] smpboot: CPU0: Intel(R) Core(TM) i7-8750H CPU @ 2.20GHz (family: 0x6, model: 0x9e, stepping: 0xa)
[    0.072064] Performance Events: unsupported p6 CPU model 158 no PMU driver, software events only.
[    0.076042] Hierarchical SRCU implementation.
[    0.080460] NMI watchdog: Perf event create on CPU 0 failed with -2
[    0.084004] NMI watchdog: Perf NMI watchdog permanently disabled
[    0.088051] smp: Bringing up secondary CPUs ...
[    0.092082] x86: Booting SMP configuration:
[    0.092629] .... node  #0, CPUs:      #1
[    0.004000] kvm-clock: cpu 1, msr 0:7ff44041, secondary cpu clock
[    0.004000] mce: CPU supports 0 MCE banks
[    0.099196] smp: Brought up 1 node, 2 CPUs
[    0.099196] smpboot: Max logical packages: 1
[    0.100004] smpboot: Total of 2 processors activated (8832.00 BogoMIPS)
[    0.104111] devtmpfs: initialized
[    0.108050] x86/mm: Memory block size: 128MB
[    0.112168] evm: security.selinux
[    0.116007] evm: security.SMACK64
[    0.120002] evm: security.SMACK64EXEC
[    0.120490] evm: security.SMACK64TRANSMUTE
[    0.124004] evm: security.SMACK64MMAP
[    0.124540] evm: security.apparmor
[    0.124987] evm: security.ima
[    0.125389] evm: security.capability
[    0.125896] clocksource: jiffies: mask: 0xffffffff max_cycles: 0xffffffff, max_idle_ns: 7645041785100000 ns
[    0.125896] futex hash table entries: 512 (order: 3, 32768 bytes)
[    0.125946] pinctrl core: initialized pinctrl subsystem
[    0.128070] RTC time: 20:56:44, date: 06/26/19
[    0.128762] NET: Registered protocol family 16
[    0.129368] audit: initializing netlink subsys (disabled)
[    0.130042] audit: type=2000 audit(1561582593.264:1): state=initialized audit_enabled=0 res=1
[    0.130042] cpuidle: using governor ladder
[    0.132005] cpuidle: using governor menu
[    0.132529] ACPI: bus type PCI registered
[    0.136002] acpiphp: ACPI Hot Plug PCI Controller Driver version: 0.5
[    0.136845] PCI: Using configuration type 1 for base access
[    0.140048] HugeTLB registered 2.00 MiB page size, pre-allocated 0 pages
[    0.144063] ACPI: Added _OSI(Module Device)
[    0.148009] ACPI: Added _OSI(Processor Device)
[    0.152009] ACPI: Added _OSI(3.0 _SCP Extensions)
[    0.160012] ACPI: Added _OSI(Processor Aggregator Device)
[    0.164010] ACPI: Added _OSI(Linux-Dell-Video)
[    0.164579] ACPI: Added _OSI(Linux-Lenovo-NV-HDMI-Audio)
[    0.165267] ACPI: Added _OSI(Linux-HPI-Hybrid-Graphics)
[    0.168227] ACPI: Executed 1 blocks of module-level executable AML code
[    0.177864] ACPI: Interpreter enabled
[    0.180016] ACPI: (supports S0 S5)
[    0.184004] ACPI: Using IOAPIC for interrupt routing
[    0.188197] PCI: Using host bridge windows from ACPI; if necessary, use "pci=nocrs" and report a bug
[    0.192139] ACPI: Enabled 2 GPEs in block 00 to 07
[    0.202447] ACPI: PCI Root Bridge [PCI0] (domain 0000 [bus 00-ff])
[    0.204011] acpi PNP0A03:00: _OSC: OS supports [ASPM ClockPM Segments MSI]
[    0.208036] acpi PNP0A03:00: _OSC: not requesting OS control; OS requires [ExtendedConfig ASPM ClockPM MSI]
[    0.212017] acpi PNP0A03:00: fail to add MMCONFIG information, can't access extended PCI configuration space under this bridge.
[    0.213684] PCI host bridge to bus 0000:00
[    0.214221] pci_bus 0000:00: root bus resource [io  0x0000-0x0cf7 window]
[    0.216003] pci_bus 0000:00: root bus resource [io  0x0d00-0xffff window]
[    0.216817] pci_bus 0000:00: root bus resource [mem 0x000a0000-0x000bffff window]
[    0.217774] pci_bus 0000:00: root bus resource [mem 0x80000000-0xfdffffff window]
[    0.218700] pci_bus 0000:00: root bus resource [bus 00-ff]
[    0.221249] pci 0000:00:01.1: legacy IDE quirk: reg 0x10: [io  0x01f0-0x01f7]
[    0.222092] pci 0000:00:01.1: legacy IDE quirk: reg 0x14: [io  0x03f6]
[    0.222875] pci 0000:00:01.1: legacy IDE quirk: reg 0x18: [io  0x0170-0x0177]
[    0.224002] pci 0000:00:01.1: legacy IDE quirk: reg 0x1c: [io  0x0376]
[    0.240122] pci 0000:00:07.0: quirk: [io  0x4000-0x403f] claimed by PIIX4 ACPI
[    0.244016] pci 0000:00:07.0: quirk: [io  0x4100-0x410f] claimed by PIIX4 SMB
[    0.260714] ACPI: PCI Interrupt Link [LNKA] (IRQs 5 9 10 *11)
[    0.264256] ACPI: PCI Interrupt Link [LNKB] (IRQs 5 9 *10 11)
[    0.268110] ACPI: PCI Interrupt Link [LNKC] (IRQs 5 *9 10 11)
[    0.272116] ACPI: PCI Interrupt Link [LNKD] (IRQs 5 9 10 *11)
[    0.280107] SCSI subsystem initialized
[    0.284039] pci 0000:00:02.0: vgaarb: setting as boot VGA device
[    0.284754] pci 0000:00:02.0: vgaarb: VGA device added: decodes=io+mem,owns=io+mem,locks=none
[    0.288003] pci 0000:00:02.0: vgaarb: bridge control possible
[    0.288747] vgaarb: loaded
[    0.289164] ACPI: bus type USB registered
[    0.289725] usbcore: registered new interface driver usbfs
[    0.290468] usbcore: registered new interface driver hub
[    0.292024] usbcore: registered new device driver usb
[    0.292717] EDAC MC: Ver: 3.0.0
[    0.292717] PCI: Using ACPI for IRQ routing
[    0.296223] NetLabel: Initializing
[    0.296693] NetLabel:  domain hash size = 128
[    0.297252] NetLabel:  protocols = UNLABELED CIPSOv4 CALIPSO
[    0.300020] NetLabel:  unlabeled traffic allowed by default
[    0.304092] clocksource: Switched to clocksource kvm-clock
[    0.428772] VFS: Disk quotas dquot_6.6.0
[    0.461] VFS: Dquot-caheastae trs:12orr  46 te
[   1.0583] AppArmor: ppmoFisyemnaed[  1.457 p: P PIni

[    1.837242] pn: P PIfod 3 device
[   .034] ocoue:cpi_m:as 0ffffmacyes0xff, x_les:08014 
  3.22] T:Registered protocol family 2

[    3.283037] TCP established hash table entries: 16384 (order: 5, 131072 bytes)
[    3.283992] TCP bind hash table entries: 16384 (order: 6, 262144 bytes)
[    3.288028] TCP: Hash tables configured (established 16384 bind 16384)
[    3.288892] UDP hash table entries: 1024 (order: 3, 32768 bytes)
[    3.289635] UDP-Lite hash table entries: 1024 (order: 3, 32768 bytes)
[    3.290546] NET: Registered protocol family 1
[    3.291110] pci 0000:00:00.0: Limiting direct PCI/PCI transfers
[  3918]ci000:00:.0AcvangSAMAanwoarounds
[    3.905724] pci 000:002: de deve thhaweROM at [mem 0x000c0000-000ff
  4.4368Unpacking niam..

[    5.053454] Freeing initrd memory: 19680K
[    5.173065] clocksource: tsc: mask: 0xffffffffffffffff max_cycles: 0x1fd3ba1610f, max_idle_ns: 440795284337 ns
[    5.335185] platform rtc_cmos: registered platform RTC device (no PNP device found)
[    5.349634] Scanning for low memory corruption every 60 seconds
[    5.350780] Initialise system trusted keyrings
[    5.392563] Key type blacklist registered
[    5.418593] workingset: timestamp_bits=36 max_order=19 bucket_order=0
[    5.420081] zbud: loaded
[    5.427241] squashfs: version 4.0 (2009/01/31) Phillip Lougher
[    5.428082] fuse init (API version 7.26)
[    5.432312] Key type asymmetric registered
[    5.462034] Asymmetric key parser 'x509' registered
[    5.499216] Block layer SCSI generic (bsg) driver version 0.4 loaded (major 246)
[    5.500223] io scheduler noop registered
[    5.500728] io scheduler deadline registered
[    5.501284] io scheduler cfq registered (default)
[    5.502096] ACPI: AC Adapter [AC] (on-line)
[    5.502654] input: Power Button as /devices/LNXSYSTM:00/LNXPWRBN:00/input/input0
[    5.503569] ACPI: Power Button [PWRF]
[    5.504097] input: Sleep Button as /devices/LNXSYSTM:00/LNXSLPBN:00/input/input1
[    5.505007] ACPI: Sleep Button [SLPF]
[    5.505721] Serial: 8250/16550 driver, 32 ports, IRQ sharing enabled
[    5.506248] ACPI: Battery Slot [BAT0] (battery present)
[    5.528720] 00:02: ttyS0 at I/O 0x3f8 (irq = 4, base_baud = 115200) is a 16550A
[    5.687349] Linux agpgart interface v0.103
[    5.688651] loop: module loaded
[    5.689476] scsi host0: ata_piix
[    5.690051] scsi host1: ata_piix
[    5.690502] ata1: PATA max UDMA/33 cmd 0x1f0 ctl 0x3f6 bmdma 0xd000 irq 14
[    5.691314] ata2: PATA max UDMA/33 cmd 0x170 ctl 0x376 bmdma 0xd008 irq 15
[    5.772375] libphy: Fixed MDIO Bus: probed
[    5.814229] tun: Universal TUN/TAP device driver, 1.6
[    5.831188] PPP generic driver version 2.4.2
[    5.835701] ehci_hcd: USB 2.0 'Enhanced' Host Controller (EHCI) Driver
[    5.917707] ehci-pci: EHCI PCI platform driver
[    5.943037] ehci-platform: EHCI generic platform driver
[    6.013303] ohci_hcd: USB 1.1 'Open' Host Controller (OHCI) Driver
[    6.093369] ohci-pci: OHCI PCI platform driver
[    6.156853] ohci-platform: OHCI generic platform driver
[    6.201713] uhci_hcd: USB Universal Host Controller Interface driver
[    6.289657] i8042: PNP: PS/2 Controller [PNP0303:PS2K,PNP0f03:PS2M] at 0x60,0x64 irq 1,12
[    6.335256] serio: i8042 KBD port at 0x60,0x64 irq 1
[    6.420492] serio: i8042 AUX port at 0x60,0x64 irq 12
[    6.467273] mousedev: PS/2 mouse device common for all mice
[    6.490797] input: AT Translated Set 2 keyboard as /devices/platform/i8042/serio0/input/input2
[    6.589610] rtc_cmos rtc_cmos: rtc core: registered rtc_cmos as rtc0
[    7626rtcmosrtcm: ar utoneay11bys ra

[   .4655] i2c /dev entries driver
[    7.566515] device-mapper: uevent: version 1.0.3

[    7.567231] device-mapper: ioctl: 4.37.0-ioctl (2017-09-20) initialised: dm-devel@redhat.com
[    7.568323] ledtrig-cpu: registered to indicate activity on CPUs
[    7.671090] NET: Registered protocol family 10
[    7.788246] Segment Routing with IPv6
[    7.864695] NET: Registered protocol family 17
[    7.992655] Key type dns_resolver registered
[    8.006753] RAS: Correctable Errors collector initialized.
[    8.021943] sched_clock: Marking stable (8021924019, 0)->(27030627771, -19008703752)
[    8.032024] registered taskstats version 1
[    8.058059] Loading compiled-in X.509 certificates
[    8.075390] Loaded X.509 cert 'Build time autogenerated kernel key: c1fa4cde9d34780ae4ae655b856adc042b663c06'
[    8.098420] zswap: loaded using pool lzo/zbud
[    8.108486] Key type big_key registered
[    8.193670] Key type trusted registered
[    8.332874] Key type encrypted registered
[    8.467920] AppArmor: AppArmor sha1 policy hashing enabled
[    8.599724] ima: No TPM chip found, activating TPM-bypass! (rc=-19)
[    8.640591] ima: Allocated hash algorithm: sha1
[    8.641440] evm: HMAC attrs: 0x1
[    8.642403]   Magic number: 7:966:953
[    8.643173] memory memory6: hash matches
[    8.644037] rtc_cmos rtc_cmos: setting system clock to 2019-06-26 20:56:56 UTC (1561582616)
[    8.645762] BIOS EDD facility v0.16 2004-Jun-25, 0 devices found
[    8.646514] EDD information not available.
[    8.648809] Freeing unused kernel image memory: 2408K
[    8.667886] Write protecting the kernel read-only data: 20480k
[    8.852900] Freeing unused kernel image memory: 2008K
[    9.798006] Freeing unused kernel image memory: 1872K
[   10.932199] x86/mm: Checked W+X mappings: passed, no W+X pages found.
[   12.272077] x86/mm: Checking user space page tables
[   13.275511] x86/mm: Checked W+X mappings: passed, no W+X pages found.
Loading, please wait...
starting version 237
[   14.321601] e1000: Intel(R) PRO/1000 Network Driver - version 7.3.21-k8-NAPI
[   14.438357] e1000: Copyright (c) 1999-2006 Intel Corporation.
[   14.467738] Fusion MPT base driver 3.04.20
[   14.508256] Copyright (c) 1999-2008 LSI Corporation
[   14.566587] vboxvideo: loading out-of-tree module taints kernel.
[   14.591151] AVX2 version of gcm_enc/dec engaged.
[   14.592072] vboxvideo: module verification failed: signature and/or required key missing - tainting kernel
[   14.660360] AES CTR mode by8 optimization enabled
[   14.660932] [drm] VRAM 01000000
[   14.661020] [TTM] Zone  kernel: Available graphics memory: 1020550 kiB
[   14.661020] [TTM] Initializing pool allocator
[   14.661022] [TTM] Initializing DMA pool allocator
[   14.807164] input: ImExPS/2 Generic Explorer Mouse as /devices/platform/i8042/serio1/input/input4
[   14.869872] fbcon: vboxdrmfb (fb0) is primary device
[   14.871479] Console: switching to colour frame buffer device 100x37
[   14.872061] Fusion MPT SPI Host driver 3.04.20
[   15.040965] vboxvideo 0000:00:02.0: fb0: vboxdrmfb frame buffer device
[   15.056800] [drm] Initialized vboxvideo 1.0.0 20130823 for 0000:00:02.0 on minor 0
[   15.556817] e1000 0000:00:03.0 eth0: (PCI:33MHz:32-bit) 02:44:a0:33:03:e1
[   17.069245] e1000 0000:00:03.0 eth0: Intel(R) PRO/1000 Network Connection
[   17.194013] mptbase: ioc0: Initiating bringup
[   17.320503] ioc0: LSI53C1030 A0: Capabilities={Initiator}
[   17.626168] scsi host2: ioc0: LSI53C1030 A0, FwRev=00000000h, Ports=1, MaxQ=256, IRQ=20
[   17.945525] scsi 2:0:0:0: Direct-Access     VBOX     HARDDISK         1.0  PQ: 0 ANSI: 5
[   17.980080] scsi target2:0:0: Beginning Domain Validation
[   17.987307] scsi target2:0:0: Domain Validation skipping write tests
[   18.049110] scsi target2:0:0: Ending Domain Validation
[   18.049798] scsi target2:0:0: asynchronous
[   18.050993] scsi 2:0:1:0: Direct-Access     VBOX     HARDDISK         1.0  PQ: 0 ANSI: 5
[   18.280424] scsi target2:0:1: Beginning Domain Validation
[   18.321218] e1000 0000:00:08.0 eth1: (PCI:33MHz:32-bit) 08:00:27:15:dc:09
[   18.321221] e1000 0000:00:08.0 eth1: Intel(R) PRO/1000 Network Connection
[   18.438781] e1000 0000:00:08.0 enp0s8: renamed from eth1
[   18.493706] random: fast init done
[   18.536924] scsi target2:0:1: Domain Validation skipping write tests
[   18.540208] random: systemd-udevd: uninitialized urandom read (16 bytes read)
[   18.540432] random: systemd-udevd: uninitialized urandom read (16 bytes read)
[   18.540445] random: systemd-udevd: uninitialized urandom read (16 bytes read)
[   18.540533] e1000 0000:00:03.0 enp0s3: renamed from eth0
[   18.801916] scsi target2:0:1: Ending Domain Validation
[   18.836610] scsi target2:0:1: asynchronous
[   18.846949] sd 2:0:0:0: Attached scsi generic sg0 type 0
[   18.883102] sd 2:0:0:0: [sda] 20971520 512-byte logical blocks: (10.7 GB/10.0 GiB)
[   18.883116] sd 2:0:1:0: Attached scsi generic sg1 type 0
[   18.883246] sd 2:0:1:0: [sdb] 20480 512-byte logical blocks: (10.5 MB/10.0 MiB)
[   18.883272] sd 2:0:1:0: [sdb] Write Protect is off
[   18.883323] sd 2:0:1:0: [sdb] Incomplete mode parameter data
[   18.883324] sd 2:0:1:0: [sdb] Assuming drive cache: write through
[   18.885892] sd 2:0:1:0: [sdb] Attached SCSI disk
[   19.308298] sd 2:0:0:0: [sda] Write Protect is off
[   19.309193] sd 2:0:0:0: [sda] Incomplete mode parameter data
[   19.309976] sd 2:0:0:0: [sda] Assuming drive cache: write through
[   19.312782]  sda: sda1
[   19.313862] sd 2:0:0:0: [sda] Attached SCSI disk
Begin: Loading essential drivers ... [   19.472098] raid6: sse2x1   gen() 13377 MB/s
[   19.568285] raid6: sse2x1   xor()  9793 MB/s
[   19.668274] raid6: sse2x2   gen() 16463 MB/s
[   19.768317] raid6: sse2x2   xor() 11138 MB/s
[   19.852251] raid6: sse2x4   gen() 19017 MB/s
[   19.956191] raid6: sse2x4   xor() 11690 MB/s
[   20.048432] raid6: avx2x1   gen() 27346 MB/s
[   20.128461] raid6: avx2x1   xor() 18857 MB/s
[   20.204099] raid6: avx2x2   gen() 32440 MB/s
[   20.348060] raid6: avx2x2   xor() 20592 MB/s
[   20.452495] raid6: avx2x4   gen() 37604 MB/s
[   20.568145] raid6: avx2x4   xor() 23074 MB/s
[   20.584982] raid6: using algorithm avx2x4 gen() 37604 MB/s
[   20.585655] raid6: .... xor() 23074 MB/s, rmw enabled
[   20.586338] raid6: using avx2x2 recovery algorithm
[   20.587878] xor: automatically using best checksumming function   avx       
[   20.589692] async_tx: api initialized (async)
done.
Begin: Running /scripts/init-premount ... done.
Begin: Mounting[   20.621850] Btrfs loaded, crc32c=crc32c-intel
 root file system ... Begin: Running /scripts/local-top ... done.
Begin: Running /scripts/local-premount ... Scanning for Btrfs filesystems
done.
Warning: fsck not present, so skipping root file system
[   20.823141] EXT4-fs (sda1): mounted filesystem with ordered data mode. Opts: (null)
done.
Begin: Running /scripts/local-bottom ... done.
Begin: Running /scripts/init-bottom ... done.
[   21.086553] ip_tables: (C) 2000-2006 Netfilter Core Team
[   21.218758] systemd[1]: systemd 237 running in system mode. (+PAM +AUDIT +SELINUX +IMA +APPARMOR +SMACK +SYSVINIT +UTMP +LIBCRYPTSETUP +GCRYPT +GNUTLS +ACL +XZ +LZ4 +SECCOMP +BLKID +ELFUTILS +KMOD -IDN2 +IDN -PCRE2 default-hierarchy=hybrid)
[   21.221316] systemd[1]: Detected virtualization oracle.
[   21.222010] systemd[1]: Detected architecture x86-64.

Welcome to [1mUbuntu 18.04.2 LTS[0m!

[   21.241419] systemd[1]: Set hostname to <ubuntu-bionic>.
[   21.503895] systemd[1]: Reached target Swap.
[[0;32m  OK  [0m] Reached target Swap.
[   21.530784] systemd[1]: Created slice User and Session Slice.
[[0;32m  OK  [0m] Created slice User and Session Slice.
[   21.532312] systemd[1]: Started Forward Password Requests to Wall Directory Watch.
[[0;32m  OK  [0m] Started Forward Password Requests to Wall Directory Watch.
[   21.534084] systemd[1]: Reached target User and Group Name Lookups.
[[0;32m  OK  [0m] Reached target User and Group Name Lookups.
[   21.535823] systemd[1]: Created slice System Slice.
[[0;32m  OK  [0m] Created slice System Slice.
[   21.537368] systemd[1]: Created slice system-serial\x2dgetty.slice.
[[0;32m  OK  [0m] Created slice system-serial\x2dgetty.slice.
[[0;32m  OK  [0m] Listening on LVM2 metadata daemon socket.
[[0;32m  OK  [0m] Listening on /dev/initctl Compatibility Named Pipe.
[[0;32m  OK  [0m] Listening on Device-mapper event daemon FIFOs.
[[0;32m  OK  [0m] Listening on Journal Socket.
         Starting Load Kernel Modules...
         Starting Remount Root and Kernel File Systems...
[[0;32m  OK  [0m] Listening on udev Control Socket.
         Starting Create list of required stâ€¦ce nodes for the current kernel...
[   21.715645] Loading iSCSI transport class v2.0-870.
[[0;32m  OK  [0[   21.811339] iscsi: registered transport (tcp)
m] Listening on [   21.967476] EXT4-fs (sda1): re-mounted. Opts: (null)
LVM2 poll daemon[   22.057016] iscsi: registered transport (iser)
 socket.
[[0;32m  OK  [0m] Reached target Slices.
[[0;32m  OK  [0m] Listening on udev Kernel Socket.
         Starting udev Coldplug all Devices...
         Mounting POSIX Message Queue File System...
[[0;32m  OK  [0m] Listening on Journal Audit Socket.
         Starting Monitoring of LVM2 mirrorsâ€¦ng dmeventd or progress polling...
         Mounting Kernel Debug File System...
[[0;32m  OK  [0m] Set up automount Arbitrary Executabâ€¦rmats File System Automount Point.
[[0;32m  OK  [0m] Reached target System Time Synchronized.
         Starting Set the console keyboard layout...
[[0;32m  OK  [0m] Listening on Network Service Netlink Socket.
         Starting Uncomplicated firewall...
[[0;32m  OK  [0m] Listening on Syslog Socket.
[[0;32m  OK  [0m] Listening on Journal Socket (/dev/log).
         Starting Journal Service...
         Mounting Huge Pages File System...
[[0;32m  OK  [0m] Started Load Kernel Modules.
[[0;32m  OK  [0m] Started Remount Root and Kernel File Systems.
[[0;32m  OK  [0m] Started Create list of required staâ€¦vice nodes for the current kernel.
[[0;32m  OK  [0m] Mounted POSIX Message Queue File System.
[[0;32m  OK  [0m] Mounted Kernel Debug File System.
[[0;32m  OK  [0m] Started Journal Service.
[[0;32m  OK  [0m] Started Uncomplicated firewall.
[[0;32m  OK  [0m] Mounted Huge Pages File System.
[[0;32m  OK  [0m] Started udev Coldplug all Devices.
[[0;32m  OK  [0m] Started LVM2 metadata daemon.
         Starting Create Static Device Nodes in /dev...
         Starting Load/Save Random Seed...
         Starting Flush Journal to Persistent Storage...
         Mounting FUSE Control File System...
         Starting Apply Kernel Variables...
         Mounting Kernel Configuration File System...
[[0;32m  OK  [0m] Mounted FUSE Control File System.
[[0;32m  OK  [0m] Started Monitoring of LVM2 mirrors,â€¦sing dmeventd or progress polling.
[[0;32m  OK  [0m] Started Set the console keyboard layout.
[[0;32m  OK  [0m] Started Create Static Device Nodes in /dev.
[[0;32m  OK  [0m] Started Load/Save Random Seed.
[[0;32m  OK  [0m] Started Apply Kernel Variables.
[[0;32m  OK  [0m] Mounted Kernel Configuration File System.
         Starting udev Kernel Device Manager...
[[0;32m  OK  [0m] Reached target Local File Systems (Pre).
[[0;32m  OK  [0m] Reached target Local File Systems.
         Starting AppArmor initialization...
         Starting Tell Plymouth To Write Out Runtime Data...
         Starting Set console font and keymap...
         Starting ebtables ruleset management...
[[0;32m  OK  [0m] Started udev Kernel Device Manager.
[[0;32m  OK  [0m] Started Dispatch Password Requests to Console Directory Watch.
[[0;32m  OK  [0m] Reached target Local Encrypted Volumes.
[[0;32m  OK  [0m] Started Tell Plymouth To Write Out Runtime Data.
[[0;32m  OK  [0m] Started Set console font and keymap.
[[0;32m  OK  [0m] Started Flush Journal to Persistent Storage.
[[0;32m  OK  [0m] Found device /dev/ttyS0.
[[0;32m  OK  [0m] Started ebtables ruleset management.
[[0;32m  OK  [0m] Listening on Load/Save RF Kill Switch Status /dev/rfkill Watch.
         Starting Create Volatile Files and Directories...
[[0;32m  OK  [0m] Started Create Volatile Files and Directories.
         Starting Update UTMP about System Boot/Shutdown...
[[0;32m  OK  [0m] Started Update UTMP about System Boot/Shutdown.
[[0;32m  OK  [0m] Started AppArmor initialization.
         Starting Initial cloud-init job (pre-networking)...
[   23.779459] cloud-init[583]: Cloud-init v. 19.1-1-gbaa47854-0ubuntu1~18.04.1 running 'init-local' at Wed, 26 Jun 2019 20:57:11 +0000. Up 23.61 seconds.
[[0;32m  OK  [0m] Started Initial cloud-init job (pre-networking).
[[0;32m  OK  [0m] Reached target Network (Pre).
         Starting Network Service...
[[0;32m  OK  [0m] Started Network Service.
         Starting Wait for Network to be Configured...
         Starting Network Name Resolution...
[[0;32m  OK  [0m] Started Network Name Resolution.
[[0;32m  OK  [0m] Reached target Network.
[[0;32m  OK  [0m] Reached target Host and Network Name Lookups.
[[0;32m  OK  [0m] Started Wait for Network to be Configured.
         Starting Initial cloud-init job (metadata service crawler)...
[   26.208009] cloud-init[709]: Cloud-init v. 19.1-1-gbaa47854-0ubuntu1~18.04.1 running 'init' at Wed, 26 Jun 2019 20:57:13 +0000. Up 26.09 seconds.
[   26.249597] cloud-init[709]: ci-info: ++++++++++++++++++++++++++++++++++++++Net device info++++++++++++++++++++++++++++++++++++++
[   26.250679] cloud-init[709]: ci-info: +--------+-------+---------------------------+---------------+--------+-------------------+
[   26.251728] cloud-init[709]: ci-info: | Device |   Up  |          Address          |      Mask     | Scope  |     Hw-Address    |
[   26.252792] cloud-init[709]: ci-info: +--------+-------+---------------------------+---------------+--------+-------------------+
[   26.263075] cloud-init[709]: ci-info: | enp0s3 |  True |         10.0.2.15         | 255.255.255.0 | global | 02:44:a0:33:03:e1 |
[   26.273739] cloud-init[709]: ci-info: | enp0s3 |  True | fe80::44:a0ff:fe33:3e1/64 |       .       |  link  | 02:44:a0:33:03:e1 |
[   26.274790] cloud-init[709]: ci-info: | enp0s8 | False |             .             |       .       |   .    | 08:00:27:15:dc:09 |
[   26.275831] cloud-init[709]: ci-info: |   lo   |  True |         127.0.0.1         |   255.0.0.0   |  host  |         .         |
[   26.276856] cloud-init[709]: ci-info: |   lo   |  True |          ::1/128          |       .       |  host  |         .         |
[   26.277985] cloud-init[709]: ci-info: +--------+-------+---------------------------+---------------+--------+-------------------+
[   26.279057] cloud-init[709]: ci-info: ++++++++++++++++++++++++++++Route IPv4 info+++++++++++++++++++++++++++++
[   26.284307] cloud-init[709]: ci-info: +-------+-------------+----------+-----------------+-----------+-------+
[   26.285208] cloud-init[709]: ci-info: | Route | Destination | Gateway  |     Genmask     | Interface | Flags |
[   26.286111] cloud-init[709]: ci-info: +-------+-------------+----------+-----------------+-----------+-------+
[   26.298765] cloud-init[709]: ci-info: |   0   |   0.0.0.0   | 10.0.2.2 |     0.0.0.0     |   enp0s3  |   UG  |
[   26.299676] cloud-init[709]: ci-info: |   1   |   10.0.2.0  | 0.0.0.0  |  255.255.255.0  |   enp0s3  |   U   |
[   26.300568] cloud-init[709]: ci-info: |   2   |   10.0.2.2  | 0.0.0.0  | 255.255.255.255 |   enp0s3  |   UH  |
[   26.301452] cloud-init[709]: ci-info: +-------+-------------+----------+-----------------+-----------+-------+
[   26.302363] cloud-init[709]: ci-info: +++++++++++++++++++Route IPv6 info+++++++++++++++++++
[   26.303147] cloud-init[709]: ci-info: +-------+-------------+---------+-----------+-------+
[   26.303925] cloud-init[709]: ci-info: | Route | Destination | Gateway | Interface | Flags |
[   26.304718] cloud-init[709]: ci-info: +-------+-------------+---------+-----------+-------+
[   26.305473] cloud-init[709]: ci-info: |   1   |  fe80::/64  |    ::   |   enp0s3  |   U   |
[   26.306265] cloud-init[709]: ci-info: |   3   |    local    |    ::   |   enp0s3  |   U   |
[   26.307005] cloud-init[709]: ci-info: |   4   |   ff00::/8  |    ::   |   enp0s3  |   U   |
[   26.307747] cloud-init[709]: ci-info: +-------+-------------+---------+-----------+-------+
[[0;32m  OK  [0m] Started Initial cloud-init job (metadata service crawler).
[[0;32m  OK  [0m] Reached target Network is Online.
         Starting Availability of block devices...
[[0;32m  OK  [0m] Reached target Remote File Systems (Pre).
[[0;32m  OK  [0m] Reached target Remote File Systems.
[[0;32m  OK  [0m] Reached target System Initialization.
[[0;32m  OK  [0m] Started Discard unused blocks once a week.
[[0;32m  OK  [0m] Listening on Open-iSCSI iscsid Socket.
[[0;32m  OK  [0m] Started Daily Cleanup of Temporary Directories.
[[0;32m  OK  [0m] Started Clean PHP session files every 30 mins.
[[0;32m  OK  [0m] Started Daily apt download activities.
[[0;32m  OK  [0m] Listening on D-Bus System Message Bus Socket.
[[0;32m  OK  [0m] Started ACPI Events Check.
[[0;32m  OK  [0m] Reached target Paths.
[[0;32m  OK  [0m] Started Message of the Day.
         Starting Socket activation for snappy daemon.
[[0;32m  OK  [0m] Listening on ACPID Listen Socket.
         Starting LXD - unix socket.
[[0;32m  OK  [0m] Started Daily apt upgrade and clean activities.
[[0;32m  OK  [0m] Reached target Timers.
[[0;32m  OK  [0m] Listening on UUID daemon activation socket.
[[0;32m  OK  [0m] Reached target Cloud-config availability.
[[0;32m  OK  [0m] Started Availability of block devices.
[[0;32m  OK  [0m] Listening on Socket activation for snappy daemon.
[[0;32m  OK  [0m] Listening on LXD - unix socket.
[[0;32m  OK  [0m] Reached target Sockets.
[[0;32m  OK  [0m] Reached target Basic System.
         Starting System Logging Service...
         Starting LSB: Record successful boot for GRUB...
         Starting Accounts Service...
         Starting Dispatcher daemon for systemd-networkd...
         Starting MySQL Community Server...
[[0;32m  OK  [0m] Started irqbalance daemon.
         Starting The Apache HTTP Server...
         Starting Permit User Sessions...
         Starting LSB: automatic crash report generation...
[[0;32m  OK  [0m] Started Regular background program processing daemon.
         Starting vboxadd.service...
[[0;32m  OK  [0m] Started Deferred execution scheduler.
[[0;32m  OK  [0m] Started D-Bus System Message Bus.
         Starting The PHP 7.2 FastCGI Process Manager...
         Starting OpenBSD Secure Shell server...
         Starting LXD - container startup/shutdown...
         Starting Login Service...
[[0;32m  OK  [0m] Started FUSE filesystem for LXC.
         Starting Snappy daemon...
[[0;32m  OK  [0m] Started System Logging Service.
[[0;32m  OK  [0m] Started Dispatcher daemon for systemd-networkd.
[[0;32m  OK  [0m] Started Permit User Sessions.
[[0;32m  OK  [0m] Started OpenBSD Secure Shell server.
[[0;32m  OK  [0m] Started Login Service.
[[0;32m  OK  [0m] Started Unattended Upgrades Shutdown.
         Starting Authorization Manager...
         Starting Terminate Plymouth Boot Screen...
         Starting Hold until boot process finishes up...
[[0;32m  OK  [0m] Started Hold until boot process finishes up.
         Starting Set console scheme...
[[0;32m  OK  [0m] Started Serial Getty on ttyS0.
[[0;32m  OK  [0m] Started Terminate Plymouth Boot Screen.
[[0;32m  OK  [0m] Started Authorization Manager.
[[0;32m  OK  [0m] Started Set console scheme.
[[0;32m  OK  [0m] Started LSB: automatic crash report generation.
[[0;32m  OK  [0m] Started Accounts Service.
[[0;32m  OK  [0m] Created slice system-getty.slice.
[[0;32m  OK  [0m] Started Getty on tty1.
[[0;32m  OK  [0m] Reached target Login Prompts.
[[0;32m  OK  [0m] Started The Apache HTTP Server.
[[0;32m  OK  [0m] Started LSB: Record successful boot for GRUB.
[[0;32m  OK  [0m] Started LXD - container startup/shutdown.
[[0;32m  OK  [0m] Started Snappy daemon.
         Starting Wait until snapd is fully seeded...
[[0;32m  OK  [0m] Started Wait until snapd is fully seeded.
         Starting Apply the settings specified in cloud-config...
[   29.196886] cloud-init[1237]: Cloud-init v. 19.1-1-gbaa47854-0ubuntu1~18.04.1 running 'modules:config' at Wed, 26 Jun 2019 20:57:16 +0000. Up 29.01 seconds.
[[0;32m  OK  [0m] Started Apply the settings specified in cloud-config.
[[0;32m  OK  [0m] Started MySQL Community Server.
[[0;32m  OK  [0m] Started vboxadd.service.
         Starting vboxadd-service.service...
[[0;32m  OK  [0m] Started The PHP 7.2 FastCGI Process Manager.
[[0;32m  OK  [0m] Started vboxadd-service.service.
[[0;32m  OK  [0m] Reached target Multi-User System.
[[0;32m  OK  [0m] Reached target Graphical Interface.
         Starting Update UTMP about System Runlevel Changes...
         Starting Execute cloud user/final scripts...
[[0;32m  OK  [0m] Started Update UTMP about System Runlevel Changes.
[   30.169481] cloud-init[1420]: Cloud-init v. 19.1-1-gbaa47854-0ubuntu1~18.04.1 running 'modules:final' at Wed, 26 Jun 2019 20:57:17 +0000. Up 30.08 seconds.
[[0;32m  OK  [0m] Started Execute cloud user/final scripts.
[[0;32m  OK  [0m] Reached target Cloud-init target.
[   30.259895] cloud-init[1420]: Cloud-init v. 19.1-1-gbaa47854-0ubuntu1~18.04.1 finished at Wed, 26 Jun 2019 20:57:18 +0000. Datasource DataSourceNoCloud [seed=/dev/sdb][dsmode=net].  Up 30.16 seconds

Ubuntu 18.04.2 LTS ubuntu-bionic ttyS0

ubuntu-bionic login: 